// Jest Snapshot v1, https://goo.gl/fbAQLP

exports[`deck example\\BW Starfield.dek 1`] = `
Object {
  "commander": null,
  "companion": null,
  "deck": Array [
    CardModel {
      "amount": 1,
      "collectors": undefined,
      "mtgoID": "78622",
      "name": "Castle Ardenvale",
      "set": undefined,
    },
    CardModel {
      "amount": 1,
      "collectors": undefined,
      "mtgoID": "78628",
      "name": "Castle Locthwain",
      "set": undefined,
    },
    CardModel {
      "amount": 4,
      "collectors": undefined,
      "mtgoID": "57934",
      "name": "Demonic Pact",
      "set": undefined,
    },
    CardModel {
      "amount": 4,
      "collectors": undefined,
      "mtgoID": "78518",
      "name": "Doom Foretold",
      "set": undefined,
    },
    CardModel {
      "amount": 1,
      "collectors": undefined,
      "mtgoID": "79306",
      "name": "Elspeth's Nightmare",
      "set": undefined,
    },
    CardModel {
      "amount": 1,
      "collectors": undefined,
      "mtgoID": "71342",
      "name": "Final Payment",
      "set": undefined,
    },
    CardModel {
      "amount": 3,
      "collectors": undefined,
      "mtgoID": "79156",
      "name": "Flicker of Fate",
      "set": undefined,
    },
    CardModel {
      "amount": 3,
      "collectors": undefined,
      "mtgoID": "67947",
      "name": "Isolated Chapel",
      "set": undefined,
    },
    CardModel {
      "amount": 2,
      "collectors": undefined,
      "mtgoID": "72024",
      "name": "Oath of Kaya",
      "set": undefined,
    },
    CardModel {
      "amount": 6,
      "collectors": undefined,
      "mtgoID": "58796",
      "name": "Swamp",
      "set": undefined,
    },
    CardModel {
      "amount": 3,
      "collectors": undefined,
      "mtgoID": "58531",
      "name": "Shambling Vent",
      "set": undefined,
    },
    CardModel {
      "amount": 2,
      "collectors": undefined,
      "mtgoID": "57860",
      "name": "Starfield of Nyx",
      "set": undefined,
    },
    CardModel {
      "amount": 4,
      "collectors": undefined,
      "mtgoID": "79134",
      "name": "The Birth of Meletis",
      "set": undefined,
    },
    CardModel {
      "amount": 4,
      "collectors": undefined,
      "mtgoID": "79358",
      "name": "Treacherous Blessing",
      "set": undefined,
    },
    CardModel {
      "amount": 3,
      "collectors": undefined,
      "mtgoID": "63828",
      "name": "Trial of Ambition",
      "set": undefined,
    },
    CardModel {
      "amount": 5,
      "collectors": undefined,
      "mtgoID": "34874",
      "name": "Plains",
      "set": undefined,
    },
    CardModel {
      "amount": 4,
      "collectors": undefined,
      "mtgoID": "23755",
      "name": "Godless Shrine",
      "set": undefined,
    },
    CardModel {
      "amount": 1,
      "collectors": undefined,
      "mtgoID": "79298",
      "name": "Cling to Dust",
      "set": undefined,
    },
    CardModel {
      "amount": 2,
      "collectors": undefined,
      "mtgoID": "49181",
      "name": "Duress",
      "set": undefined,
    },
    CardModel {
      "amount": 2,
      "collectors": undefined,
      "mtgoID": "78308",
      "name": "Murderous Rider",
      "set": undefined,
    },
    CardModel {
      "amount": 2,
      "collectors": undefined,
      "mtgoID": "39956",
      "name": "Despise",
      "set": undefined,
    },
    CardModel {
      "amount": 2,
      "collectors": undefined,
      "mtgoID": "42314",
      "name": "Dead Weight",
      "set": undefined,
    },
  ],
  "sideboard": Array [
    CardModel {
      "amount": 1,
      "collectors": undefined,
      "mtgoID": "46741",
      "name": "Underworld Connections",
      "set": undefined,
    },
    CardModel {
      "amount": 1,
      "collectors": undefined,
      "mtgoID": "63828",
      "name": "Trial of Ambition",
      "set": undefined,
    },
    CardModel {
      "amount": 2,
      "collectors": undefined,
      "mtgoID": "79130",
      "name": "Archon of Sun's Grace",
      "set": undefined,
    },
    CardModel {
      "amount": 1,
      "collectors": undefined,
      "mtgoID": "65522",
      "name": "Sorcerous Spyglass",
      "set": undefined,
    },
    CardModel {
      "amount": 2,
      "collectors": undefined,
      "mtgoID": "71374",
      "name": "Kaya's Wrath",
      "set": undefined,
    },
    CardModel {
      "amount": 2,
      "collectors": undefined,
      "mtgoID": "62689",
      "name": "Fatal Push",
      "set": undefined,
    },
    CardModel {
      "amount": 2,
      "collectors": undefined,
      "mtgoID": "79568",
      "name": "Kunoros, Hound of Athreos",
      "set": undefined,
    },
    CardModel {
      "amount": 1,
      "collectors": undefined,
      "mtgoID": "79290",
      "name": "Agonizing Remorse",
      "set": undefined,
    },
    CardModel {
      "amount": 1,
      "collectors": undefined,
      "mtgoID": "72024",
      "name": "Oath of Kaya",
      "set": undefined,
    },
    CardModel {
      "amount": 2,
      "collectors": undefined,
      "mtgoID": "50604",
      "name": "Glare of Heresy",
      "set": undefined,
    },
  ],
  "valid": true,
}
`;

exports[`deck example\\Deck - Prismari Midrange.txt 1`] = `
Object {
  "commander": null,
  "companion": null,
  "deck": Array [
    CardModel {
      "amount": 2,
      "collectors": undefined,
      "mtgoID": undefined,
      "name": "Alrund's Epiphany",
      "set": undefined,
    },
    CardModel {
      "amount": 4,
      "collectors": undefined,
      "mtgoID": undefined,
      "name": "Bonecrusher Giant",
      "set": undefined,
    },
    CardModel {
      "amount": 4,
      "collectors": undefined,
      "mtgoID": undefined,
      "name": "Brazen Borrower",
      "set": undefined,
    },
    CardModel {
      "amount": 2,
      "collectors": undefined,
      "mtgoID": undefined,
      "name": "Den of the Bugbear",
      "set": undefined,
    },
    CardModel {
      "amount": 4,
      "collectors": undefined,
      "mtgoID": undefined,
      "name": "Dragon's Fire",
      "set": undefined,
    },
    CardModel {
      "amount": 4,
      "collectors": undefined,
      "mtgoID": undefined,
      "name": "Fabled Passage",
      "set": undefined,
    },
    CardModel {
      "amount": 3,
      "collectors": undefined,
      "mtgoID": undefined,
      "name": "Galazeth Prismari",
      "set": undefined,
    },
    CardModel {
      "amount": 4,
      "collectors": undefined,
      "mtgoID": undefined,
      "name": "Goldspan Dragon",
      "set": undefined,
    },
    CardModel {
      "amount": 2,
      "collectors": undefined,
      "mtgoID": undefined,
      "name": "Hall of Storm Giants",
      "set": undefined,
    },
    CardModel {
      "amount": 2,
      "collectors": undefined,
      "mtgoID": undefined,
      "name": "Inferno of the Star Mounts",
      "set": undefined,
    },
    CardModel {
      "amount": 7,
      "collectors": undefined,
      "mtgoID": undefined,
      "name": "Island",
      "set": undefined,
    },
    CardModel {
      "amount": 2,
      "collectors": undefined,
      "mtgoID": undefined,
      "name": "Magic Missile",
      "set": undefined,
    },
    CardModel {
      "amount": 4,
      "collectors": undefined,
      "mtgoID": undefined,
      "name": "Mazemind Tome",
      "set": undefined,
    },
    CardModel {
      "amount": 6,
      "collectors": undefined,
      "mtgoID": undefined,
      "name": "Mountain",
      "set": undefined,
    },
    CardModel {
      "amount": 2,
      "collectors": undefined,
      "mtgoID": undefined,
      "name": "Mystical Dispute",
      "set": undefined,
    },
    CardModel {
      "amount": 2,
      "collectors": undefined,
      "mtgoID": undefined,
      "name": "Prismari Command",
      "set": undefined,
    },
    CardModel {
      "amount": 4,
      "collectors": undefined,
      "mtgoID": undefined,
      "name": "Riverglide Pathway",
      "set": undefined,
    },
    CardModel {
      "amount": 2,
      "collectors": undefined,
      "mtgoID": undefined,
      "name": "Saw It Coming",
      "set": undefined,
    },
  ],
  "sideboard": Array [
    CardModel {
      "amount": 3,
      "collectors": undefined,
      "mtgoID": undefined,
      "name": "Burning Hands",
      "set": undefined,
    },
    CardModel {
      "amount": 1,
      "collectors": undefined,
      "mtgoID": undefined,
      "name": "Disdainful Stroke",
      "set": undefined,
    },
    CardModel {
      "amount": 2,
      "collectors": undefined,
      "mtgoID": undefined,
      "name": "Iymrith, Desert Doom",
      "set": undefined,
    },
    CardModel {
      "amount": 1,
      "collectors": undefined,
      "mtgoID": undefined,
      "name": "Mystical Dispute",
      "set": undefined,
    },
    CardModel {
      "amount": 1,
      "collectors": undefined,
      "mtgoID": undefined,
      "name": "Negate",
      "set": undefined,
    },
    CardModel {
      "amount": 2,
      "collectors": undefined,
      "mtgoID": undefined,
      "name": "Phoenix of Ash",
      "set": undefined,
    },
    CardModel {
      "amount": 3,
      "collectors": undefined,
      "mtgoID": undefined,
      "name": "Redcap Melee",
      "set": undefined,
    },
    CardModel {
      "amount": 1,
      "collectors": undefined,
      "mtgoID": undefined,
      "name": "Shadowspear",
      "set": undefined,
    },
    CardModel {
      "amount": 1,
      "collectors": undefined,
      "mtgoID": undefined,
      "name": "Test of Talents",
      "set": undefined,
    },
  ],
  "valid": true,
}
`;

exports[`deck example\\Deck - Sharuum.dek 1`] = `
Object {
  "commander": CardModel {
    "amount": 1,
    "collectors": undefined,
    "mtgoID": "31203",
    "name": "Sharuum the Hegemon",
    "set": undefined,
  },
  "companion": null,
  "deck": Array [
    CardModel {
      "amount": 1,
      "collectors": undefined,
      "mtgoID": "20015",
      "name": "Ancient Den",
      "set": undefined,
    },
    CardModel {
      "amount": 1,
      "collectors": undefined,
      "mtgoID": "85598",
      "name": "Arcane Denial",
      "set": undefined,
    },
    CardModel {
      "amount": 1,
      "collectors": undefined,
      "mtgoID": "31205",
      "name": "Arcane Sanctum",
      "set": undefined,
    },
    CardModel {
      "amount": 1,
      "collectors": undefined,
      "mtgoID": "78722",
      "name": "Arcane Signet",
      "set": undefined,
    },
    CardModel {
      "amount": 1,
      "collectors": undefined,
      "mtgoID": "72062",
      "name": "Ashiok, Dream Render",
      "set": undefined,
    },
    CardModel {
      "amount": 1,
      "collectors": undefined,
      "mtgoID": "24023",
      "name": "Azorius Signet",
      "set": undefined,
    },
    CardModel {
      "amount": 1,
      "collectors": undefined,
      "mtgoID": "72844",
      "name": "Barren Moor",
      "set": undefined,
    },
    CardModel {
      "amount": 1,
      "collectors": undefined,
      "mtgoID": "82498",
      "name": "Basalt Monolith",
      "set": undefined,
    },
    CardModel {
      "amount": 1,
      "collectors": undefined,
      "mtgoID": "44105",
      "name": "Blood Artist",
      "set": undefined,
    },
    CardModel {
      "amount": 1,
      "collectors": undefined,
      "mtgoID": "35515",
      "name": "Bojuka Bog",
      "set": undefined,
    },
    CardModel {
      "amount": 1,
      "collectors": undefined,
      "mtgoID": "71764",
      "name": "Bolas's Citadel",
      "set": undefined,
    },
    CardModel {
      "amount": 1,
      "collectors": undefined,
      "mtgoID": "41477",
      "name": "Buried Ruin",
      "set": undefined,
    },
    CardModel {
      "amount": 1,
      "collectors": undefined,
      "mtgoID": "57668",
      "name": "Caves of Koilos",
      "set": undefined,
    },
    CardModel {
      "amount": 1,
      "collectors": undefined,
      "mtgoID": "35639",
      "name": "Celestial Colonnade",
      "set": undefined,
    },
    CardModel {
      "amount": 1,
      "collectors": undefined,
      "mtgoID": "69879",
      "name": "Chromatic Lantern",
      "set": undefined,
    },
    CardModel {
      "amount": 1,
      "collectors": undefined,
      "mtgoID": "19301",
      "name": "City of Brass",
      "set": undefined,
    },
    CardModel {
      "amount": 1,
      "collectors": undefined,
      "mtgoID": "78726",
      "name": "Command Tower",
      "set": undefined,
    },
    CardModel {
      "amount": 1,
      "collectors": undefined,
      "mtgoID": "58796",
      "name": "Swamp",
      "set": undefined,
    },
    CardModel {
      "amount": 1,
      "collectors": undefined,
      "mtgoID": "35657",
      "name": "Creeping Tar Pit",
      "set": undefined,
    },
    CardModel {
      "amount": 1,
      "collectors": undefined,
      "mtgoID": "46733",
      "name": "Cyclonic Rift",
      "set": undefined,
    },
    CardModel {
      "amount": 1,
      "collectors": undefined,
      "mtgoID": "53774",
      "name": "Darksteel Citadel",
      "set": undefined,
    },
    CardModel {
      "amount": 1,
      "collectors": undefined,
      "mtgoID": "49587",
      "name": "Darksteel Forge",
      "set": undefined,
    },
    CardModel {
      "amount": 1,
      "collectors": undefined,
      "mtgoID": "80665",
      "name": "Deadly Rollick",
      "set": undefined,
    },
    CardModel {
      "amount": 1,
      "collectors": undefined,
      "mtgoID": "30410",
      "name": "Demonic Consultation",
      "set": undefined,
    },
    CardModel {
      "amount": 1,
      "collectors": undefined,
      "mtgoID": "89111",
      "name": "Demonic Tutor",
      "set": undefined,
    },
    CardModel {
      "amount": 1,
      "collectors": undefined,
      "mtgoID": "23562",
      "name": "Dimir Signet",
      "set": undefined,
    },
    CardModel {
      "amount": 1,
      "collectors": undefined,
      "mtgoID": "20203",
      "name": "Disciple of the Vault",
      "set": undefined,
    },
    CardModel {
      "amount": 1,
      "collectors": undefined,
      "mtgoID": "39862",
      "name": "Dispatch",
      "set": undefined,
    },
    CardModel {
      "amount": 1,
      "collectors": undefined,
      "mtgoID": "71992",
      "name": "Dovin's Veto",
      "set": undefined,
    },
    CardModel {
      "amount": 1,
      "collectors": undefined,
      "mtgoID": "61915",
      "name": "Dramatic Reversal",
      "set": undefined,
    },
    CardModel {
      "amount": 1,
      "collectors": undefined,
      "mtgoID": "35797",
      "name": "Dread Statuary",
      "set": undefined,
    },
    CardModel {
      "amount": 1,
      "collectors": undefined,
      "mtgoID": "20215",
      "name": "Duplicant",
      "set": undefined,
    },
    CardModel {
      "amount": 1,
      "collectors": undefined,
      "mtgoID": "31213",
      "name": "Etherium Sculptor",
      "set": undefined,
    },
    CardModel {
      "amount": 1,
      "collectors": undefined,
      "mtgoID": "30999",
      "name": "Ethersworn Canonist",
      "set": undefined,
    },
    CardModel {
      "amount": 1,
      "collectors": undefined,
      "mtgoID": "35681",
      "name": "Everflowing Chalice",
      "set": undefined,
    },
    CardModel {
      "amount": 1,
      "collectors": undefined,
      "mtgoID": "38325",
      "name": "Exsanguinate",
      "set": undefined,
    },
    CardModel {
      "amount": 1,
      "collectors": undefined,
      "mtgoID": "81719",
      "name": "Fabled Passage",
      "set": undefined,
    },
    CardModel {
      "amount": 1,
      "collectors": undefined,
      "mtgoID": "72472",
      "name": "Fact or Fiction",
      "set": undefined,
    },
    CardModel {
      "amount": 1,
      "collectors": undefined,
      "mtgoID": "83167",
      "name": "Feed the Swarm",
      "set": undefined,
    },
    CardModel {
      "amount": 1,
      "collectors": undefined,
      "mtgoID": "80651",
      "name": "Fierce Guardianship",
      "set": undefined,
    },
    CardModel {
      "amount": 1,
      "collectors": undefined,
      "mtgoID": "62095",
      "name": "Foundry Inspector",
      "set": undefined,
    },
    CardModel {
      "amount": 1,
      "collectors": undefined,
      "mtgoID": "88883",
      "name": "Fracture",
      "set": undefined,
    },
    CardModel {
      "amount": 1,
      "collectors": undefined,
      "mtgoID": "90875",
      "name": "Goldmire Bridge",
      "set": undefined,
    },
    CardModel {
      "amount": 1,
      "collectors": undefined,
      "mtgoID": "89885",
      "name": "Inkshield",
      "set": undefined,
    },
    CardModel {
      "amount": 1,
      "collectors": undefined,
      "mtgoID": "50276",
      "name": "Plains",
      "set": undefined,
    },
    CardModel {
      "amount": 1,
      "collectors": undefined,
      "mtgoID": "19665",
      "name": "Isochron Scepter",
      "set": undefined,
    },
    CardModel {
      "amount": 1,
      "collectors": undefined,
      "mtgoID": "35591",
      "name": "Jace, the Mind Sculptor",
      "set": undefined,
    },
    CardModel {
      "amount": 1,
      "collectors": undefined,
      "mtgoID": "38435",
      "name": "Kuldotha Forgemaster",
      "set": undefined,
    },
    CardModel {
      "amount": 1,
      "collectors": undefined,
      "mtgoID": "72856",
      "name": "Lonely Sandbar",
      "set": undefined,
    },
    CardModel {
      "amount": 1,
      "collectors": undefined,
      "mtgoID": "38191",
      "name": "Mimic Vat",
      "set": undefined,
    },
    CardModel {
      "amount": 1,
      "collectors": undefined,
      "mtgoID": "27044",
      "name": "Mind Stone",
      "set": undefined,
    },
    CardModel {
      "amount": 1,
      "collectors": undefined,
      "mtgoID": "91031",
      "name": "Mishra's Factory",
      "set": undefined,
    },
    CardModel {
      "amount": 1,
      "collectors": undefined,
      "mtgoID": "90879",
      "name": "Mistvault Bridge",
      "set": undefined,
    },
    CardModel {
      "amount": 1,
      "collectors": undefined,
      "mtgoID": "38307",
      "name": "Myr Battlesphere",
      "set": undefined,
    },
    CardModel {
      "amount": 1,
      "collectors": undefined,
      "mtgoID": "78640",
      "name": "Mystic Sanctuary",
      "set": undefined,
    },
    CardModel {
      "amount": 1,
      "collectors": undefined,
      "mtgoID": "71728",
      "name": "Narset, Parter of Veils",
      "set": undefined,
    },
    CardModel {
      "amount": 1,
      "collectors": undefined,
      "mtgoID": "66075",
      "name": "Necropotence",
      "set": undefined,
    },
    CardModel {
      "amount": 1,
      "collectors": undefined,
      "mtgoID": "91023",
      "name": "Nevinyrral's Disk",
      "set": undefined,
    },
    CardModel {
      "amount": 1,
      "collectors": undefined,
      "mtgoID": "23681",
      "name": "Orzhov Signet",
      "set": undefined,
    },
    CardModel {
      "amount": 1,
      "collectors": undefined,
      "mtgoID": "57581",
      "name": "Path to Exile",
      "set": undefined,
    },
    CardModel {
      "amount": 1,
      "collectors": undefined,
      "mtgoID": "39734",
      "name": "Phyrexian Metamorph",
      "set": undefined,
    },
    CardModel {
      "amount": 1,
      "collectors": undefined,
      "mtgoID": "58811",
      "name": "Island",
      "set": undefined,
    },
    CardModel {
      "amount": 1,
      "collectors": undefined,
      "mtgoID": "90885",
      "name": "Razortide Bridge",
      "set": undefined,
    },
    CardModel {
      "amount": 1,
      "collectors": undefined,
      "mtgoID": "68671",
      "name": "Reliquary Tower",
      "set": undefined,
    },
    CardModel {
      "amount": 1,
      "collectors": undefined,
      "mtgoID": "28463",
      "name": "Rings of Brighthearth",
      "set": undefined,
    },
    CardModel {
      "amount": 1,
      "collectors": undefined,
      "mtgoID": "64888",
      "name": "Scavenger Grounds",
      "set": undefined,
    },
    CardModel {
      "amount": 1,
      "collectors": undefined,
      "mtgoID": "27588",
      "name": "Sculpting Steel",
      "set": undefined,
    },
    CardModel {
      "amount": 1,
      "collectors": undefined,
      "mtgoID": "20017",
      "name": "Seat of the Synod",
      "set": undefined,
    },
    CardModel {
      "amount": 1,
      "collectors": undefined,
      "mtgoID": "72862",
      "name": "Secluded Steppe",
      "set": undefined,
    },
    CardModel {
      "amount": 1,
      "collectors": undefined,
      "mtgoID": "58531",
      "name": "Shambling Vent",
      "set": undefined,
    },
    CardModel {
      "amount": 1,
      "collectors": undefined,
      "mtgoID": "20551",
      "name": "Skullclamp",
      "set": undefined,
    },
    CardModel {
      "amount": 1,
      "collectors": undefined,
      "mtgoID": "92378",
      "name": "Sol Ring",
      "set": undefined,
    },
    CardModel {
      "amount": 1,
      "collectors": undefined,
      "mtgoID": "38353",
      "name": "Stoic Rebuttal",
      "set": undefined,
    },
    CardModel {
      "amount": 1,
      "collectors": undefined,
      "mtgoID": "58659",
      "name": "Sunken Hollow",
      "set": undefined,
    },
    CardModel {
      "amount": 1,
      "collectors": undefined,
      "mtgoID": "29479",
      "name": "Sunken Ruins",
      "set": undefined,
    },
    CardModel {
      "amount": 1,
      "collectors": undefined,
      "mtgoID": "9631",
      "name": "Counterspell",
      "set": undefined,
    },
    CardModel {
      "amount": 1,
      "collectors": undefined,
      "mtgoID": "26660",
      "name": "Sword of the Meek",
      "set": undefined,
    },
    CardModel {
      "amount": 1,
      "collectors": undefined,
      "mtgoID": "92098",
      "name": "Swords to Plowshares",
      "set": undefined,
    },
    CardModel {
      "amount": 1,
      "collectors": undefined,
      "mtgoID": "19679",
      "name": "Talisman of Dominance",
      "set": undefined,
    },
    CardModel {
      "amount": 1,
      "collectors": undefined,
      "mtgoID": "72838",
      "name": "Talisman of Hierarchy",
      "set": undefined,
    },
    CardModel {
      "amount": 1,
      "collectors": undefined,
      "mtgoID": "79614",
      "name": "Temple of Deceit",
      "set": undefined,
    },
    CardModel {
      "amount": 1,
      "collectors": undefined,
      "mtgoID": "79616",
      "name": "Temple of Enlightenment",
      "set": undefined,
    },
    CardModel {
      "amount": 1,
      "collectors": undefined,
      "mtgoID": "81737",
      "name": "Temple of Silence",
      "set": undefined,
    },
    CardModel {
      "amount": 1,
      "collectors": undefined,
      "mtgoID": "79270",
      "name": "Thassa's Oracle",
      "set": undefined,
    },
    CardModel {
      "amount": 1,
      "collectors": undefined,
      "mtgoID": "19705",
      "name": "Thirst for Knowledge",
      "set": undefined,
    },
    CardModel {
      "amount": 1,
      "collectors": undefined,
      "mtgoID": "39501",
      "name": "Thopter Assembly",
      "set": undefined,
    },
    CardModel {
      "amount": 1,
      "collectors": undefined,
      "mtgoID": "32420",
      "name": "Thopter Foundry",
      "set": undefined,
    },
    CardModel {
      "amount": 1,
      "collectors": undefined,
      "mtgoID": "19787",
      "name": "Thoughtcast",
      "set": undefined,
    },
    CardModel {
      "amount": 1,
      "collectors": undefined,
      "mtgoID": "32488",
      "name": "Time Sieve",
      "set": undefined,
    },
    CardModel {
      "amount": 1,
      "collectors": undefined,
      "mtgoID": "71610",
      "name": "Ugin, the Ineffable",
      "set": undefined,
    },
    CardModel {
      "amount": 1,
      "collectors": undefined,
      "mtgoID": "27438",
      "name": "Underground River",
      "set": undefined,
    },
    CardModel {
      "amount": 1,
      "collectors": undefined,
      "mtgoID": "22933",
      "name": "Urza's Mine",
      "set": undefined,
    },
    CardModel {
      "amount": 1,
      "collectors": undefined,
      "mtgoID": "22781",
      "name": "Urza's Power Plant",
      "set": undefined,
    },
    CardModel {
      "amount": 1,
      "collectors": undefined,
      "mtgoID": "22779",
      "name": "Urza's Tower",
      "set": undefined,
    },
    CardModel {
      "amount": 1,
      "collectors": undefined,
      "mtgoID": "20019",
      "name": "Vault of Whispers",
      "set": undefined,
    },
    CardModel {
      "amount": 1,
      "collectors": undefined,
      "mtgoID": "91015",
      "name": "Vindicate",
      "set": undefined,
    },
    CardModel {
      "amount": 1,
      "collectors": undefined,
      "mtgoID": "37308",
      "name": "Voltaic Key",
      "set": undefined,
    },
    CardModel {
      "amount": 1,
      "collectors": undefined,
      "mtgoID": "87997",
      "name": "Windfall",
      "set": undefined,
    },
    CardModel {
      "amount": 1,
      "collectors": undefined,
      "mtgoID": "27444",
      "name": "Wrath of God",
      "set": undefined,
    },
  ],
  "sideboard": Array [],
  "valid": true,
}
`;

exports[`deck example\\doom - companion.txt 1`] = `
Object {
  "commander": null,
  "companion": CardModel {
    "amount": 1,
    "collectors": 232,
    "mtgoID": undefined,
    "name": "Yorion, Sky Nomad",
    "set": "IKO",
  },
  "deck": Array [
    CardModel {
      "amount": 4,
      "collectors": 187,
      "mtgoID": undefined,
      "name": "Doom Foretold",
      "set": "ELD",
    },
    CardModel {
      "amount": 5,
      "collectors": 261,
      "mtgoID": undefined,
      "name": "Swamp",
      "set": "ELD",
    },
    CardModel {
      "amount": 5,
      "collectors": 253,
      "mtgoID": undefined,
      "name": "Plains",
      "set": "ELD",
    },
    CardModel {
      "amount": 3,
      "collectors": 39,
      "mtgoID": undefined,
      "name": "Skyclave Apparition",
      "set": "ZNR",
    },
    CardModel {
      "amount": 4,
      "collectors": 109,
      "mtgoID": undefined,
      "name": "Lithoform Blight",
      "set": "ZNR",
    },
    CardModel {
      "amount": 4,
      "collectors": 209,
      "mtgoID": undefined,
      "name": "Oath of Kaya",
      "set": "WAR",
    },
    CardModel {
      "amount": 4,
      "collectors": 117,
      "mtgoID": undefined,
      "name": "Treacherous Blessing",
      "set": "THB",
    },
    CardModel {
      "amount": 3,
      "collectors": 232,
      "mtgoID": undefined,
      "name": "Yorion, Sky Nomad",
      "set": "IKO",
    },
    CardModel {
      "amount": 4,
      "collectors": 130,
      "mtgoID": undefined,
      "name": "Trial of Ambition",
      "set": "AKR",
    },
    CardModel {
      "amount": 3,
      "collectors": 127,
      "mtgoID": undefined,
      "name": "Thoughtseize",
      "set": "AKR",
    },
    CardModel {
      "amount": 3,
      "collectors": 238,
      "mtgoID": undefined,
      "name": "Castle Ardenvale",
      "set": "ELD",
    },
    CardModel {
      "amount": 2,
      "collectors": 88,
      "mtgoID": undefined,
      "name": "Extinction Event",
      "set": "IKO",
    },
    CardModel {
      "amount": 2,
      "collectors": 40,
      "mtgoID": undefined,
      "name": "Skyclave Cleric",
      "set": "ZNR",
    },
    CardModel {
      "amount": 4,
      "collectors": 99,
      "mtgoID": undefined,
      "name": "Demonic Pact",
      "set": "AKR",
    },
    CardModel {
      "amount": 2,
      "collectors": 244,
      "mtgoID": undefined,
      "name": "Vanishing Verse",
      "set": "STX",
    },
    CardModel {
      "amount": 4,
      "collectors": 5,
      "mtgoID": undefined,
      "name": "The Birth of Meletis",
      "set": "THB",
    },
    CardModel {
      "amount": 4,
      "collectors": 241,
      "mtgoID": undefined,
      "name": "Isolated Chapel",
      "set": "DAR",
    },
    CardModel {
      "amount": 4,
      "collectors": 248,
      "mtgoID": undefined,
      "name": "Godless Shrine",
      "set": "RNA",
    },
    CardModel {
      "amount": 4,
      "collectors": 259,
      "mtgoID": undefined,
      "name": "Brightclimb Pathway",
      "set": "ZNR",
    },
    CardModel {
      "amount": 4,
      "collectors": 246,
      "mtgoID": undefined,
      "name": "Fabled Passage",
      "set": "M21",
    },
    CardModel {
      "amount": 2,
      "collectors": 12,
      "mtgoID": undefined,
      "name": "Emeria's Call",
      "set": "ZNR",
    },
    CardModel {
      "amount": 2,
      "collectors": 248,
      "mtgoID": undefined,
      "name": "Indatha Triome",
      "set": "IKO",
    },
    CardModel {
      "amount": 3,
      "collectors": 89,
      "mtgoID": undefined,
      "name": "Acquisitions Expert",
      "set": "ZNR",
    },
    CardModel {
      "amount": 1,
      "collectors": 93,
      "mtgoID": undefined,
      "name": "Elderfang Disciple",
      "set": "KHM",
    },
  ],
  "sideboard": Array [
    CardModel {
      "amount": 1,
      "collectors": 127,
      "mtgoID": undefined,
      "name": "Thoughtseize",
      "set": "AKR",
    },
    CardModel {
      "amount": 2,
      "collectors": 84,
      "mtgoID": undefined,
      "name": "Fatal Push",
      "set": "KLR",
    },
    CardModel {
      "amount": 2,
      "collectors": 237,
      "mtgoID": undefined,
      "name": "Soul-Guide Lantern",
      "set": "THB",
    },
    CardModel {
      "amount": 1,
      "collectors": 232,
      "mtgoID": undefined,
      "name": "Mazemind Tome",
      "set": "M21",
    },
    CardModel {
      "amount": 1,
      "collectors": 232,
      "mtgoID": undefined,
      "name": "Yorion, Sky Nomad",
      "set": "IKO",
    },
    CardModel {
      "amount": 1,
      "collectors": 237,
      "mtgoID": undefined,
      "name": "Soul-Guide Lantern",
      "set": "THB",
    },
    CardModel {
      "amount": 3,
      "collectors": 232,
      "mtgoID": undefined,
      "name": "Mazemind Tome",
      "set": "M21",
    },
    CardModel {
      "amount": 2,
      "collectors": 9,
      "mtgoID": undefined,
      "name": "Doomskar",
      "set": "KHM",
    },
    CardModel {
      "amount": 1,
      "collectors": 39,
      "mtgoID": undefined,
      "name": "Skyclave Apparition",
      "set": "ZNR",
    },
    CardModel {
      "amount": 1,
      "collectors": 93,
      "mtgoID": undefined,
      "name": "Elderfang Disciple",
      "set": "KHM",
    },
  ],
  "valid": true,
}
`;

exports[`deck test\\deck\\whiteline.txt 1`] = `
Object {
  "commander": null,
  "companion": null,
  "deck": Array [
    CardModel {
      "amount": 2,
      "collectors": 236,
      "mtgoID": undefined,
      "name": "Trelasarra, Moon Dancer",
      "set": "AFR",
    },
    CardModel {
      "amount": 1,
      "collectors": 24,
      "mtgoID": undefined,
      "name": "Righteous Valkyrie",
      "set": "KHM",
    },
    CardModel {
      "amount": 2,
      "collectors": 200,
      "mtgoID": undefined,
      "name": "Prosperous Innkeeper",
      "set": "AFR",
    },
    CardModel {
      "amount": 2,
      "collectors": 34,
      "mtgoID": undefined,
      "name": "Story Seeker",
      "set": "KHM",
    },
    CardModel {
      "amount": 9,
      "collectors": 374,
      "mtgoID": undefined,
      "name": "Forest",
      "set": "STX",
    },
    CardModel {
      "amount": 3,
      "collectors": 5,
      "mtgoID": undefined,
      "name": "Celestial Unicorn",
      "set": "AFR",
    },
    CardModel {
      "amount": 3,
      "collectors": 22,
      "mtgoID": undefined,
      "name": "Kor Celebrant",
      "set": "ZNR",
    },
    CardModel {
      "amount": 2,
      "collectors": 6,
      "mtgoID": undefined,
      "name": "Cleric Class",
      "set": "AFR",
    },
    CardModel {
      "amount": 1,
      "collectors": 374,
      "mtgoID": undefined,
      "name": "Valkyrie Harbinger",
      "set": "KHM",
    },
    CardModel {
      "amount": 1,
      "collectors": 20,
      "mtgoID": undefined,
      "name": "Icingdeath, Frost Tyrant",
      "set": "AFR",
    },
    CardModel {
      "amount": 2,
      "collectors": 194,
      "mtgoID": undefined,
      "name": "Lurking Roper",
      "set": "AFR",
    },
    CardModel {
      "amount": 2,
      "collectors": 215,
      "mtgoID": undefined,
      "name": "You Meet in a Tavern",
      "set": "AFR",
    },
    CardModel {
      "amount": 1,
      "collectors": 186,
      "mtgoID": undefined,
      "name": "Inscription of Abundance",
      "set": "ZNR",
    },
    CardModel {
      "amount": 1,
      "collectors": 220,
      "mtgoID": undefined,
      "name": "Drizzt Do'Urden",
      "set": "AFR",
    },
    CardModel {
      "amount": 1,
      "collectors": 258,
      "mtgoID": undefined,
      "name": "Branchloft Pathway",
      "set": "ZNR",
    },
    CardModel {
      "amount": 4,
      "collectors": 249,
      "mtgoID": undefined,
      "name": "Arctic Treeline",
      "set": "KHM",
    },
    CardModel {
      "amount": 10,
      "collectors": 367,
      "mtgoID": undefined,
      "name": "Plains",
      "set": "STX",
    },
    CardModel {
      "amount": 2,
      "collectors": 132,
      "mtgoID": undefined,
      "name": "Fortifying Draught",
      "set": "STX",
    },
    CardModel {
      "amount": 2,
      "collectors": 24,
      "mtgoID": undefined,
      "name": "Minimus Containment",
      "set": "AFR",
    },
    CardModel {
      "amount": 3,
      "collectors": 126,
      "mtgoID": undefined,
      "name": "Devouring Tendrils",
      "set": "STX",
    },
    CardModel {
      "amount": 2,
      "collectors": 23,
      "mtgoID": undefined,
      "name": "Pillardrop Rescuer",
      "set": "STX",
    },
    CardModel {
      "amount": 1,
      "collectors": 119,
      "mtgoID": undefined,
      "name": "Accomplished Alchemist",
      "set": "STX",
    },
    CardModel {
      "amount": 3,
      "collectors": 23,
      "mtgoID": undefined,
      "name": "Revitalize",
      "set": "KHM",
    },
  ],
  "sideboard": Array [],
  "valid": true,
}
`;
