// Jest Snapshot v1, https://goo.gl/fbAQLP

exports[`deck:mtgify test\\deck\\mtgify\\jodah.dec 1`] = `
Object {
  "commander": null,
  "companion": null,
  "deck": Array [
    CardModel {
      "amount": 1,
      "collectors": undefined,
      "mtgoID": undefined,
      "name": "Jodah, Archmage Eternal *CMDR*",
      "set": undefined,
    },
    CardModel {
      "amount": 1,
      "collectors": undefined,
      "mtgoID": undefined,
      "name": "Arid Mesa",
      "set": undefined,
    },
    CardModel {
      "amount": 1,
      "collectors": undefined,
      "mtgoID": undefined,
      "name": "Azorius Chancery",
      "set": undefined,
    },
    CardModel {
      "amount": 1,
      "collectors": undefined,
      "mtgoID": undefined,
      "name": "Badlands",
      "set": undefined,
    },
    CardModel {
      "amount": 1,
      "collectors": undefined,
      "mtgoID": undefined,
      "name": "Bayou",
      "set": undefined,
    },
    CardModel {
      "amount": 1,
      "collectors": undefined,
      "mtgoID": undefined,
      "name": "Bloodstained Mire",
      "set": undefined,
    },
    CardModel {
      "amount": 1,
      "collectors": undefined,
      "mtgoID": undefined,
      "name": "Bojuka Bog",
      "set": undefined,
    },
    CardModel {
      "amount": 1,
      "collectors": undefined,
      "mtgoID": undefined,
      "name": "Boros Garrison",
      "set": undefined,
    },
    CardModel {
      "amount": 1,
      "collectors": undefined,
      "mtgoID": undefined,
      "name": "Breeding Pool",
      "set": undefined,
    },
    CardModel {
      "amount": 1,
      "collectors": undefined,
      "mtgoID": undefined,
      "name": "Dimir Aqueduct",
      "set": undefined,
    },
    CardModel {
      "amount": 1,
      "collectors": undefined,
      "mtgoID": undefined,
      "name": "Flooded Strand",
      "set": undefined,
    },
    CardModel {
      "amount": 1,
      "collectors": undefined,
      "mtgoID": undefined,
      "name": "Golgari Rot Farm",
      "set": undefined,
    },
    CardModel {
      "amount": 1,
      "collectors": undefined,
      "mtgoID": undefined,
      "name": "Gruul Turf",
      "set": undefined,
    },
    CardModel {
      "amount": 1,
      "collectors": undefined,
      "mtgoID": undefined,
      "name": "Halimar Depths",
      "set": undefined,
    },
    CardModel {
      "amount": 1,
      "collectors": undefined,
      "mtgoID": undefined,
      "name": "Izzet Boilerworks",
      "set": undefined,
    },
    CardModel {
      "amount": 1,
      "collectors": undefined,
      "mtgoID": undefined,
      "name": "Krosan Verge",
      "set": undefined,
    },
    CardModel {
      "amount": 1,
      "collectors": undefined,
      "mtgoID": undefined,
      "name": "Marsh Flats",
      "set": undefined,
    },
    CardModel {
      "amount": 1,
      "collectors": undefined,
      "mtgoID": undefined,
      "name": "Misty Rainforest",
      "set": undefined,
    },
    CardModel {
      "amount": 1,
      "collectors": undefined,
      "mtgoID": undefined,
      "name": "Orzhov Basilica",
      "set": undefined,
    },
    CardModel {
      "amount": 1,
      "collectors": undefined,
      "mtgoID": undefined,
      "name": "Overgrown Tomb",
      "set": undefined,
    },
    CardModel {
      "amount": 1,
      "collectors": undefined,
      "mtgoID": undefined,
      "name": "Plateau",
      "set": undefined,
    },
    CardModel {
      "amount": 1,
      "collectors": undefined,
      "mtgoID": undefined,
      "name": "Polluted Delta",
      "set": undefined,
    },
    CardModel {
      "amount": 1,
      "collectors": undefined,
      "mtgoID": undefined,
      "name": "Rakdos Carnarium",
      "set": undefined,
    },
    CardModel {
      "amount": 1,
      "collectors": undefined,
      "mtgoID": undefined,
      "name": "Savannah",
      "set": undefined,
    },
    CardModel {
      "amount": 1,
      "collectors": undefined,
      "mtgoID": undefined,
      "name": "Scalding Tarn",
      "set": undefined,
    },
    CardModel {
      "amount": 1,
      "collectors": undefined,
      "mtgoID": undefined,
      "name": "Scattered Groves",
      "set": undefined,
    },
    CardModel {
      "amount": 1,
      "collectors": undefined,
      "mtgoID": undefined,
      "name": "Scrubland",
      "set": undefined,
    },
    CardModel {
      "amount": 1,
      "collectors": undefined,
      "mtgoID": undefined,
      "name": "Selesnya Sanctuary",
      "set": undefined,
    },
    CardModel {
      "amount": 1,
      "collectors": undefined,
      "mtgoID": undefined,
      "name": "Sheltered Thicket",
      "set": undefined,
    },
    CardModel {
      "amount": 1,
      "collectors": undefined,
      "mtgoID": undefined,
      "name": "Simic Growth Chamber",
      "set": undefined,
    },
    CardModel {
      "amount": 1,
      "collectors": undefined,
      "mtgoID": undefined,
      "name": "Skyline Cascade",
      "set": undefined,
    },
    CardModel {
      "amount": 1,
      "collectors": undefined,
      "mtgoID": undefined,
      "name": "Stomping Ground",
      "set": undefined,
    },
    CardModel {
      "amount": 1,
      "collectors": undefined,
      "mtgoID": undefined,
      "name": "Taiga",
      "set": undefined,
    },
    CardModel {
      "amount": 1,
      "collectors": undefined,
      "mtgoID": undefined,
      "name": "Temple Garden",
      "set": undefined,
    },
    CardModel {
      "amount": 1,
      "collectors": undefined,
      "mtgoID": undefined,
      "name": "Tropical Island",
      "set": undefined,
    },
    CardModel {
      "amount": 1,
      "collectors": undefined,
      "mtgoID": undefined,
      "name": "Tundra",
      "set": undefined,
    },
    CardModel {
      "amount": 1,
      "collectors": undefined,
      "mtgoID": undefined,
      "name": "Underground Sea",
      "set": undefined,
    },
    CardModel {
      "amount": 1,
      "collectors": undefined,
      "mtgoID": undefined,
      "name": "Verdant Catacombs",
      "set": undefined,
    },
    CardModel {
      "amount": 1,
      "collectors": undefined,
      "mtgoID": undefined,
      "name": "Volcanic Island",
      "set": undefined,
    },
    CardModel {
      "amount": 1,
      "collectors": undefined,
      "mtgoID": undefined,
      "name": "Windswept Heath",
      "set": undefined,
    },
    CardModel {
      "amount": 1,
      "collectors": undefined,
      "mtgoID": undefined,
      "name": "Wooded Foothills",
      "set": undefined,
    },
    CardModel {
      "amount": 1,
      "collectors": undefined,
      "mtgoID": undefined,
      "name": "Balancing Act",
      "set": undefined,
    },
    CardModel {
      "amount": 1,
      "collectors": undefined,
      "mtgoID": undefined,
      "name": "Bring to Light",
      "set": undefined,
    },
    CardModel {
      "amount": 1,
      "collectors": undefined,
      "mtgoID": undefined,
      "name": "Broken Bond",
      "set": undefined,
    },
    CardModel {
      "amount": 1,
      "collectors": undefined,
      "mtgoID": undefined,
      "name": "By Force",
      "set": undefined,
    },
    CardModel {
      "amount": 1,
      "collectors": undefined,
      "mtgoID": undefined,
      "name": "Decimate",
      "set": undefined,
    },
    CardModel {
      "amount": 1,
      "collectors": undefined,
      "mtgoID": undefined,
      "name": "Decree of Pain",
      "set": undefined,
    },
    CardModel {
      "amount": 1,
      "collectors": undefined,
      "mtgoID": undefined,
      "name": "Fabricate",
      "set": undefined,
    },
    CardModel {
      "amount": 1,
      "collectors": undefined,
      "mtgoID": undefined,
      "name": "Farseek",
      "set": undefined,
    },
    CardModel {
      "amount": 1,
      "collectors": undefined,
      "mtgoID": undefined,
      "name": "Hunting Wilds",
      "set": undefined,
    },
    CardModel {
      "amount": 1,
      "collectors": undefined,
      "mtgoID": undefined,
      "name": "In Garruk's Wake",
      "set": undefined,
    },
    CardModel {
      "amount": 1,
      "collectors": undefined,
      "mtgoID": undefined,
      "name": "Kindred Dominance",
      "set": undefined,
    },
    CardModel {
      "amount": 1,
      "collectors": undefined,
      "mtgoID": undefined,
      "name": "Life from the Loam",
      "set": undefined,
    },
    CardModel {
      "amount": 1,
      "collectors": undefined,
      "mtgoID": undefined,
      "name": "Merciless Eviction",
      "set": undefined,
    },
    CardModel {
      "amount": 1,
      "collectors": undefined,
      "mtgoID": undefined,
      "name": "Natural Balance",
      "set": undefined,
    },
    CardModel {
      "amount": 1,
      "collectors": undefined,
      "mtgoID": undefined,
      "name": "Necromantic Selection",
      "set": undefined,
    },
    CardModel {
      "amount": 1,
      "collectors": undefined,
      "mtgoID": undefined,
      "name": "Ranger's Path",
      "set": undefined,
    },
    CardModel {
      "amount": 1,
      "collectors": undefined,
      "mtgoID": undefined,
      "name": "Razia's Purification",
      "set": undefined,
    },
    CardModel {
      "amount": 1,
      "collectors": undefined,
      "mtgoID": undefined,
      "name": "Recurring Insight",
      "set": undefined,
    },
    CardModel {
      "amount": 1,
      "collectors": undefined,
      "mtgoID": undefined,
      "name": "Skyshroud Claim",
      "set": undefined,
    },
    CardModel {
      "amount": 1,
      "collectors": undefined,
      "mtgoID": undefined,
      "name": "Spoils of Victory",
      "set": undefined,
    },
    CardModel {
      "amount": 1,
      "collectors": undefined,
      "mtgoID": undefined,
      "name": "Summer Bloom",
      "set": undefined,
    },
    CardModel {
      "amount": 1,
      "collectors": undefined,
      "mtgoID": undefined,
      "name": "Tempt with Discovery",
      "set": undefined,
    },
    CardModel {
      "amount": 1,
      "collectors": undefined,
      "mtgoID": undefined,
      "name": "Time Spiral",
      "set": undefined,
    },
    CardModel {
      "amount": 1,
      "collectors": undefined,
      "mtgoID": undefined,
      "name": "Wargate",
      "set": undefined,
    },
    CardModel {
      "amount": 1,
      "collectors": undefined,
      "mtgoID": undefined,
      "name": "Wheel of Fortune",
      "set": undefined,
    },
    CardModel {
      "amount": 1,
      "collectors": undefined,
      "mtgoID": undefined,
      "name": "Whispering Madness",
      "set": undefined,
    },
    CardModel {
      "amount": 1,
      "collectors": undefined,
      "mtgoID": undefined,
      "name": "Windfall",
      "set": undefined,
    },
    CardModel {
      "amount": 1,
      "collectors": undefined,
      "mtgoID": undefined,
      "name": "Constant Mists",
      "set": undefined,
    },
    CardModel {
      "amount": 1,
      "collectors": undefined,
      "mtgoID": undefined,
      "name": "Cyclonic Rift",
      "set": undefined,
    },
    CardModel {
      "amount": 1,
      "collectors": undefined,
      "mtgoID": undefined,
      "name": "Fact or Fiction",
      "set": undefined,
    },
    CardModel {
      "amount": 1,
      "collectors": undefined,
      "mtgoID": undefined,
      "name": "Frantic Search",
      "set": undefined,
    },
    CardModel {
      "amount": 1,
      "collectors": undefined,
      "mtgoID": undefined,
      "name": "Realms Uncharted",
      "set": undefined,
    },
    CardModel {
      "amount": 1,
      "collectors": undefined,
      "mtgoID": undefined,
      "name": "Sunder",
      "set": undefined,
    },
    CardModel {
      "amount": 1,
      "collectors": undefined,
      "mtgoID": undefined,
      "name": "Garruk Wildspeaker",
      "set": undefined,
    },
    CardModel {
      "amount": 1,
      "collectors": undefined,
      "mtgoID": undefined,
      "name": "Azusa, Lost but Seeking",
      "set": undefined,
    },
    CardModel {
      "amount": 1,
      "collectors": undefined,
      "mtgoID": undefined,
      "name": "Budoka Gardener",
      "set": undefined,
    },
    CardModel {
      "amount": 1,
      "collectors": undefined,
      "mtgoID": undefined,
      "name": "Courser of Kruphix",
      "set": undefined,
    },
    CardModel {
      "amount": 1,
      "collectors": undefined,
      "mtgoID": undefined,
      "name": "Dread Cacodemon",
      "set": undefined,
    },
    CardModel {
      "amount": 1,
      "collectors": undefined,
      "mtgoID": undefined,
      "name": "Kynaios and Tiro of Meletis",
      "set": undefined,
    },
    CardModel {
      "amount": 1,
      "collectors": undefined,
      "mtgoID": undefined,
      "name": "Llanowar Scout",
      "set": undefined,
    },
    CardModel {
      "amount": 1,
      "collectors": undefined,
      "mtgoID": undefined,
      "name": "Mina and Denn, Wildborn",
      "set": undefined,
    },
    CardModel {
      "amount": 1,
      "collectors": undefined,
      "mtgoID": undefined,
      "name": "Muldrotha, the Gravetide",
      "set": undefined,
    },
    CardModel {
      "amount": 1,
      "collectors": undefined,
      "mtgoID": undefined,
      "name": "Oracle of Mul Daya",
      "set": undefined,
    },
    CardModel {
      "amount": 1,
      "collectors": undefined,
      "mtgoID": undefined,
      "name": "Sakura-Tribe Elder",
      "set": undefined,
    },
    CardModel {
      "amount": 1,
      "collectors": undefined,
      "mtgoID": undefined,
      "name": "Skyshroud Ranger",
      "set": undefined,
    },
    CardModel {
      "amount": 1,
      "collectors": undefined,
      "mtgoID": undefined,
      "name": "Tatyova, Benthic Druid",
      "set": undefined,
    },
    CardModel {
      "amount": 1,
      "collectors": undefined,
      "mtgoID": undefined,
      "name": "Trinket Mage",
      "set": undefined,
    },
    CardModel {
      "amount": 1,
      "collectors": undefined,
      "mtgoID": undefined,
      "name": "Walking Atlas",
      "set": undefined,
    },
    CardModel {
      "amount": 1,
      "collectors": undefined,
      "mtgoID": undefined,
      "name": "Burgeoning",
      "set": undefined,
    },
    CardModel {
      "amount": 1,
      "collectors": undefined,
      "mtgoID": undefined,
      "name": "Exploration",
      "set": undefined,
    },
    CardModel {
      "amount": 1,
      "collectors": undefined,
      "mtgoID": undefined,
      "name": "Fall of the Thran",
      "set": undefined,
    },
    CardModel {
      "amount": 1,
      "collectors": undefined,
      "mtgoID": undefined,
      "name": "Retreat to Coralhelm",
      "set": undefined,
    },
    CardModel {
      "amount": 1,
      "collectors": undefined,
      "mtgoID": undefined,
      "name": "Rites of Flourishing",
      "set": undefined,
    },
    CardModel {
      "amount": 1,
      "collectors": undefined,
      "mtgoID": undefined,
      "name": "Territorial Dispute",
      "set": undefined,
    },
    CardModel {
      "amount": 1,
      "collectors": undefined,
      "mtgoID": undefined,
      "name": "Treachery",
      "set": undefined,
    },
    CardModel {
      "amount": 1,
      "collectors": undefined,
      "mtgoID": undefined,
      "name": "Amulet of Vigor",
      "set": undefined,
    },
    CardModel {
      "amount": 1,
      "collectors": undefined,
      "mtgoID": undefined,
      "name": "Candelabra of Tawnos",
      "set": undefined,
    },
    CardModel {
      "amount": 1,
      "collectors": undefined,
      "mtgoID": undefined,
      "name": "Crucible of Worlds",
      "set": undefined,
    },
    CardModel {
      "amount": 1,
      "collectors": undefined,
      "mtgoID": undefined,
      "name": "Ward of Bones",
      "set": undefined,
    },
  ],
  "sideboard": Array [],
  "valid": true,
  Symbol(DecklistType): "mtgify",
}
`;
